---
source: iml-services/iml-devices/src/db.rs
expression: updates
---
{
    (
        DeviceId(
            "d",
        ),
        Fqdn(
            "oss1",
        ),
    ): Add(
        DeviceHost {
            device_id: DeviceId(
                "d",
            ),
            fqdn: Fqdn(
                "oss1",
            ),
            local: true,
            paths: Paths(
                {},
            ),
            mount_path: MountPath(
                None,
            ),
            fs_type: None,
            fs_label: None,
            fs_uuid: None,
        },
    ),
}
